WIN
WIN
WIN
WIN
WIN
WIN
WIN
WIN
WIN
WIN
WIN
WIN
WIN
LOSE
WIN
WIN
WIN
WIN
WIN
WIN
WIN
WIN
WIN
WIN
WIN
WIN
WIN
WIN
WIN
WIN
WIN
WIN
WIN
WIN
WIN
WIN
WIN
LOSE
WIN
WIN
LOSE
WIN
WIN
WIN
WIN
LOSE
WIN
WIN
WIN
WIN
WIN
WIN
WIN
WIN
WIN
WIN
WIN
WIN
WIN
WIN
WIN
WIN
WIN
WIN
WIN
WIN
WIN
WIN
WIN
WIN
WIN
WIN
WIN
WIN
WIN
WIN
WIN
WIN
WIN
WIN
WIN
WIN
WIN
WIN
WIN
LOSE
WIN
WIN
WIN
WIN
WIN
WIN
WIN
WIN
WIN
WIN
WIN
WIN
WIN
WIN
