41 747
254 31091
263 44620
348 8462
21 6308
312 10740
270 13380
403 8399
342 6745
180 3511
101 2729
124 5761
398 37771
14 594
153 7736
22 556
192 5465
266 9941