40 806
304 64604
131 4397
363 20160
120 2798
219 17368
403 86387
119 3418
382 39913
98 5906
389 10764
236 107324
244 5224
435 10866
215 5038
47 912
337 40072
423 9826