40 836
300 77781
441 15044
476 12546
19 931
8 286
184 3360
388 9835
447 11731
404 20873
303 6456
157 2913
203 21241
133 16018
140 3360
0 0
48 913
157 6433