40 1462
302 5492
119 5918
209 7034
48 7058
428 11826
0 0
199 4858
193 25258
85 8238
446 27147
421 9484
337 15301
97 8163
401 22199
10 225
127 2827
469 15194
46 1568
177 9255
